Copyright 1986-2022 Xilinx, Inc. All Rights Reserved. Copyright 2022-2024 Advanced Micro Devices, Inc. All Rights Reserved.
------------------------------------------------------------------------------------------------------------------------------------------------------------------------------------------------------------------
| Tool Version : Vivado v.2024.2.1 (lin64) Build 5266912 Sun Dec 15 09:03:31 MST 2024
| Date         : Wed Oct  7 13:50:08 2026
| Host         : el120-02.ece.usu.edu running 64-bit AlmaLinux 9.7 (Moss Jungle Cat)
| Command      : report_timing_summary -max_paths 10 -report_unconstrained -file Top7seg_timing_summary_routed.rpt -pb Top7seg_timing_summary_routed.pb -rpx Top7seg_timing_summary_routed.rpx -warn_on_violation
| Design       : Top7seg
| Device       : 7a35t-cpg236
| Speed File   : -1  PRODUCTION 1.23 2018-06-13
| Design State : Routed
------------------------------------------------------------------------------------------------------------------------------------------------------------------------------------------------------------------

Timing Summary Report

------------------------------------------------------------------------------------------------
| Timer Settings
| --------------
------------------------------------------------------------------------------------------------

  Enable Multi Corner Analysis               :  Yes
  Enable Pessimism Removal                   :  Yes
  Pessimism Removal Resolution               :  Nearest Common Node
  Enable Input Delay Default Clock           :  No
  Enable Preset / Clear Arcs                 :  No
  Disable Flight Delays                      :  No
  Ignore I/O Paths                           :  No
  Timing Early Launch at Borrowing Latches   :  No
  Borrow Time for Max Delay Exceptions       :  Yes
  Merge Timing Exceptions                    :  Yes
  Inter-SLR Compensation                     :  Conservative

  Corner  Analyze    Analyze    
  Name    Max Paths  Min Paths  
  ------  ---------  ---------  
  Slow    Yes        Yes        
  Fast    Yes        Yes        


------------------------------------------------------------------------------------------------
| Report Methodology
| ------------------
------------------------------------------------------------------------------------------------

No report available as report_methodology has not been run prior. Run report_methodology on the current design for the summary of methodology violations.



check_timing report

Table of Contents
-----------------
1. checking no_clock (0)
2. checking constant_clock (0)
3. checking pulse_width_clock (0)
4. checking unconstrained_internal_endpoints (0)
5. checking no_input_delay (0)
6. checking no_output_delay (0)
7. checking multiple_clock (0)
8. checking generated_clocks (0)
9. checking loops (0)
10. checking partial_input_delay (0)
11. checking partial_output_delay (0)
12. checking latch_loops (0)

1. checking no_clock (0)
------------------------
 There are 0 register/latch pins with no clock.


2. checking constant_clock (0)
------------------------------
 There are 0 register/latch pins with constant_clock.


3. checking pulse_width_clock (0)
---------------------------------
 There are 0 register/latch pins which need pulse_width check


4. checking unconstrained_internal_endpoints (0)
------------------------------------------------
 There are 0 pins that are not constrained for maximum delay.

 There are 0 pins that are not constrained for maximum delay due to constant clock.


5. checking no_input_delay (0)
------------------------------
 There are 0 input ports with no input delay specified.

 There are 0 input ports with no input delay but user has a false path constraint.


6. checking no_output_delay (0)
-------------------------------
 There are 0 ports with no output delay specified.

 There are 0 ports with no output delay but user has a false path constraint

 There are 0 ports with no output delay but with a timing clock defined on it or propagating through it


7. checking multiple_clock (0)
------------------------------
 There are 0 register/latch pins with multiple clocks.


8. checking generated_clocks (0)
--------------------------------
 There are 0 generated clocks that are not connected to a clock source.


9. checking loops (0)
---------------------
 There are 0 combinational loops in the design.


10. checking partial_input_delay (0)
------------------------------------
 There are 0 input ports with partial input delay specified.


11. checking partial_output_delay (0)
-------------------------------------
 There are 0 ports with partial output delay specified.


12. checking latch_loops (0)
----------------------------
 There are 0 combinational latch loops in the design through latch input



------------------------------------------------------------------------------------------------
| Design Timing Summary
| ---------------------
------------------------------------------------------------------------------------------------

    WNS(ns)      TNS(ns)  TNS Failing Endpoints  TNS Total Endpoints      WHS(ns)      THS(ns)  THS Failing Endpoints  THS Total Endpoints     WPWS(ns)     TPWS(ns)  TPWS Failing Endpoints  TPWS Total Endpoints  
    -------      -------  ---------------------  -------------------      -------      -------  ---------------------  -------------------     --------     --------  ----------------------  --------------------  
        inf        0.000                      0                   11          inf        0.000                      0                   11           NA           NA                      NA                    NA  


There are no user specified timing constraints.


------------------------------------------------------------------------------------------------
| Clock Summary
| -------------
------------------------------------------------------------------------------------------------


------------------------------------------------------------------------------------------------
| Intra Clock Table
| -----------------
------------------------------------------------------------------------------------------------

Clock             WNS(ns)      TNS(ns)  TNS Failing Endpoints  TNS Total Endpoints      WHS(ns)      THS(ns)  THS Failing Endpoints  THS Total Endpoints     WPWS(ns)     TPWS(ns)  TPWS Failing Endpoints  TPWS Total Endpoints  
-----             -------      -------  ---------------------  -------------------      -------      -------  ---------------------  -------------------     --------     --------  ----------------------  --------------------  


------------------------------------------------------------------------------------------------
| Inter Clock Table
| -----------------
------------------------------------------------------------------------------------------------

From Clock    To Clock          WNS(ns)      TNS(ns)  TNS Failing Endpoints  TNS Total Endpoints      WHS(ns)      THS(ns)  THS Failing Endpoints  THS Total Endpoints  
----------    --------          -------      -------  ---------------------  -------------------      -------      -------  ---------------------  -------------------  


------------------------------------------------------------------------------------------------
| Other Path Groups Table
| -----------------------
------------------------------------------------------------------------------------------------

Path Group    From Clock    To Clock          WNS(ns)      TNS(ns)  TNS Failing Endpoints  TNS Total Endpoints      WHS(ns)      THS(ns)  THS Failing Endpoints  THS Total Endpoints  
----------    ----------    --------          -------      -------  ---------------------  -------------------      -------      -------  ---------------------  -------------------  


------------------------------------------------------------------------------------------------
| User Ignored Path Table
| -----------------------
------------------------------------------------------------------------------------------------

Path Group    From Clock    To Clock    
----------    ----------    --------    


------------------------------------------------------------------------------------------------
| Unconstrained Path Table
| ------------------------
------------------------------------------------------------------------------------------------

Path Group    From Clock    To Clock    
----------    ----------    --------    
(none)                                    


------------------------------------------------------------------------------------------------
| Timing Details
| --------------
------------------------------------------------------------------------------------------------


--------------------------------------------------------------------------------------
Path Group:  (none)
From Clock:  
  To Clock:  

Max Delay            11 Endpoints
Min Delay            11 Endpoints
--------------------------------------------------------------------------------------


Max Delay Paths
--------------------------------------------------------------------------------------
Slack:                    inf
  Source:                 sw[0]
                            (input port)
  Destination:            seg[0]
                            (output port)
  Path Group:             (none)
  Path Type:              Max at Slow Process Corner
  Data Path Delay:        10.789ns  (logic 5.318ns (49.289%)  route 5.471ns (50.711%))
  Logic Levels:           3  (IBUF=1 LUT4=1 OBUF=1)

    Location             Delay type                Incr(ns)  Path(ns)    Netlist Resource(s)
  -------------------------------------------------------------------    -------------------
    V17                                               0.000     0.000 r  sw[0] (IN)
                         net (fo=0)                   0.000     0.000    sw[0]
    V17                  IBUF (Prop_ibuf_I_O)         1.453     1.453 r  sw_IBUF[0]_inst/O
                         net (fo=7, routed)           3.559     5.012    sw_IBUF[0]
    SLICE_X65Y16         LUT4 (Prop_lut4_I0_O)        0.152     5.164 r  seg_OBUF[0]_inst_i_1/O
                         net (fo=1, routed)           1.912     7.076    seg_OBUF[0]
    W7                   OBUF (Prop_obuf_I_O)         3.713    10.789 r  seg_OBUF[0]_inst/O
                         net (fo=0)                   0.000    10.789    seg[0]
    W7                                                                r  seg[0] (OUT)
  -------------------------------------------------------------------    -------------------

Slack:                    inf
  Source:                 sw[0]
                            (input port)
  Destination:            seg[3]
                            (output port)
  Path Group:             (none)
  Path Type:              Max at Slow Process Corner
  Data Path Delay:        10.764ns  (logic 5.348ns (49.688%)  route 5.416ns (50.312%))
  Logic Levels:           3  (IBUF=1 LUT4=1 OBUF=1)

    Location             Delay type                Incr(ns)  Path(ns)    Netlist Resource(s)
  -------------------------------------------------------------------    -------------------
    V17                                               0.000     0.000 r  sw[0] (IN)
                         net (fo=0)                   0.000     0.000    sw[0]
    V17                  IBUF (Prop_ibuf_I_O)         1.453     1.453 r  sw_IBUF[0]_inst/O
                         net (fo=7, routed)           3.558     5.011    sw_IBUF[0]
    SLICE_X65Y16         LUT4 (Prop_lut4_I1_O)        0.152     5.163 r  seg_OBUF[3]_inst_i_1/O
                         net (fo=1, routed)           1.857     7.020    seg_OBUF[3]
    V8                   OBUF (Prop_obuf_I_O)         3.744    10.764 r  seg_OBUF[3]_inst/O
                         net (fo=0)                   0.000    10.764    seg[3]
    V8                                                                r  seg[3] (OUT)
  -------------------------------------------------------------------    -------------------

Slack:                    inf
  Source:                 sw[2]
                            (input port)
  Destination:            seg[5]
                            (output port)
  Path Group:             (none)
  Path Type:              Max at Slow Process Corner
  Data Path Delay:        10.686ns  (logic 5.325ns (49.835%)  route 5.361ns (50.165%))
  Logic Levels:           3  (IBUF=1 LUT4=1 OBUF=1)

    Location             Delay type                Incr(ns)  Path(ns)    Netlist Resource(s)
  -------------------------------------------------------------------    -------------------
    W16                                               0.000     0.000 r  sw[2] (IN)
                         net (fo=0)                   0.000     0.000    sw[2]
    W16                  IBUF (Prop_ibuf_I_O)         1.464     1.464 r  sw_IBUF[2]_inst/O
                         net (fo=7, routed)           3.684     5.148    sw_IBUF[2]
    SLICE_X65Y16         LUT4 (Prop_lut4_I0_O)        0.154     5.302 r  seg_OBUF[5]_inst_i_1/O
                         net (fo=1, routed)           1.676     6.978    seg_OBUF[5]
    V5                   OBUF (Prop_obuf_I_O)         3.707    10.686 r  seg_OBUF[5]_inst/O
                         net (fo=0)                   0.000    10.686    seg[5]
    V5                                                                r  seg[5] (OUT)
  -------------------------------------------------------------------    -------------------

Slack:                    inf
  Source:                 sw[2]
                            (input port)
  Destination:            seg[4]
                            (output port)
  Path Group:             (none)
  Path Type:              Max at Slow Process Corner
  Data Path Delay:        10.595ns  (logic 5.108ns (48.206%)  route 5.488ns (51.794%))
  Logic Levels:           3  (IBUF=1 LUT4=1 OBUF=1)

    Location             Delay type                Incr(ns)  Path(ns)    Netlist Resource(s)
  -------------------------------------------------------------------    -------------------
    W16                                               0.000     0.000 r  sw[2] (IN)
                         net (fo=0)                   0.000     0.000    sw[2]
    W16                  IBUF (Prop_ibuf_I_O)         1.464     1.464 r  sw_IBUF[2]_inst/O
                         net (fo=7, routed)           3.684     5.148    sw_IBUF[2]
    SLICE_X65Y16         LUT4 (Prop_lut4_I3_O)        0.124     5.272 r  seg_OBUF[4]_inst_i_1/O
                         net (fo=1, routed)           1.804     7.076    seg_OBUF[4]
    U5                   OBUF (Prop_obuf_I_O)         3.520    10.595 r  seg_OBUF[4]_inst/O
                         net (fo=0)                   0.000    10.595    seg[4]
    U5                                                                r  seg[4] (OUT)
  -------------------------------------------------------------------    -------------------

Slack:                    inf
  Source:                 sw[0]
                            (input port)
  Destination:            seg[1]
                            (output port)
  Path Group:             (none)
  Path Type:              Max at Slow Process Corner
  Data Path Delay:        10.546ns  (logic 5.106ns (48.415%)  route 5.440ns (51.585%))
  Logic Levels:           3  (IBUF=1 LUT4=1 OBUF=1)

    Location             Delay type                Incr(ns)  Path(ns)    Netlist Resource(s)
  -------------------------------------------------------------------    -------------------
    V17                                               0.000     0.000 r  sw[0] (IN)
                         net (fo=0)                   0.000     0.000    sw[0]
    V17                  IBUF (Prop_ibuf_I_O)         1.453     1.453 r  sw_IBUF[0]_inst/O
                         net (fo=7, routed)           3.559     5.012    sw_IBUF[0]
    SLICE_X65Y16         LUT4 (Prop_lut4_I2_O)        0.124     5.136 r  seg_OBUF[1]_inst_i_1/O
                         net (fo=1, routed)           1.881     7.017    seg_OBUF[1]
    W6                   OBUF (Prop_obuf_I_O)         3.529    10.546 r  seg_OBUF[1]_inst/O
                         net (fo=0)                   0.000    10.546    seg[1]
    W6                                                                r  seg[1] (OUT)
  -------------------------------------------------------------------    -------------------

Slack:                    inf
  Source:                 sw[4]
                            (input port)
  Destination:            an[0]
                            (output port)
  Path Group:             (none)
  Path Type:              Max at Slow Process Corner
  Data Path Delay:        10.514ns  (logic 5.078ns (48.294%)  route 5.436ns (51.706%))
  Logic Levels:           3  (IBUF=1 LUT1=1 OBUF=1)

    Location             Delay type                Incr(ns)  Path(ns)    Netlist Resource(s)
  -------------------------------------------------------------------    -------------------
    W15                                               0.000     0.000 f  sw[4] (IN)
                         net (fo=0)                   0.000     0.000    sw[4]
    W15                  IBUF (Prop_ibuf_I_O)         1.451     1.451 f  sw_IBUF[4]_inst/O
                         net (fo=1, routed)           2.307     3.758    sw_IBUF[4]
    SLICE_X32Y19         LUT1 (Prop_lut1_I0_O)        0.124     3.882 r  an_OBUF[0]_inst_i_1/O
                         net (fo=1, routed)           3.129     7.011    an_OBUF[0]
    U2                   OBUF (Prop_obuf_I_O)         3.503    10.514 r  an_OBUF[0]_inst/O
                         net (fo=0)                   0.000    10.514    an[0]
    U2                                                                r  an[0] (OUT)
  -------------------------------------------------------------------    -------------------

Slack:                    inf
  Source:                 sw[6]
                            (input port)
  Destination:            an[2]
                            (output port)
  Path Group:             (none)
  Path Type:              Max at Slow Process Corner
  Data Path Delay:        10.396ns  (logic 5.097ns (49.027%)  route 5.299ns (50.973%))
  Logic Levels:           3  (IBUF=1 LUT1=1 OBUF=1)

    Location             Delay type                Incr(ns)  Path(ns)    Netlist Resource(s)
  -------------------------------------------------------------------    -------------------
    W14                                               0.000     0.000 f  sw[6] (IN)
                         net (fo=0)                   0.000     0.000    sw[6]
    W14                  IBUF (Prop_ibuf_I_O)         1.450     1.450 f  sw_IBUF[6]_inst/O
                         net (fo=1, routed)           2.290     3.740    sw_IBUF[6]
    SLICE_X32Y16         LUT1 (Prop_lut1_I0_O)        0.124     3.864 r  an_OBUF[2]_inst_i_1/O
                         net (fo=1, routed)           3.009     6.873    an_OBUF[2]
    V4                   OBUF (Prop_obuf_I_O)         3.523    10.396 r  an_OBUF[2]_inst/O
                         net (fo=0)                   0.000    10.396    an[2]
    V4                                                                r  an[2] (OUT)
  -------------------------------------------------------------------    -------------------

Slack:                    inf
  Source:                 sw[0]
                            (input port)
  Destination:            seg[2]
                            (output port)
  Path Group:             (none)
  Path Type:              Max at Slow Process Corner
  Data Path Delay:        10.391ns  (logic 5.112ns (49.196%)  route 5.279ns (50.804%))
  Logic Levels:           3  (IBUF=1 LUT4=1 OBUF=1)

    Location             Delay type                Incr(ns)  Path(ns)    Netlist Resource(s)
  -------------------------------------------------------------------    -------------------
    V17                                               0.000     0.000 f  sw[0] (IN)
                         net (fo=0)                   0.000     0.000    sw[0]
    V17                  IBUF (Prop_ibuf_I_O)         1.453     1.453 f  sw_IBUF[0]_inst/O
                         net (fo=7, routed)           3.558     5.011    sw_IBUF[0]
    SLICE_X65Y16         LUT4 (Prop_lut4_I1_O)        0.124     5.135 r  seg_OBUF[2]_inst_i_1/O
                         net (fo=1, routed)           1.721     6.856    seg_OBUF[2]
    U8                   OBUF (Prop_obuf_I_O)         3.535    10.391 r  seg_OBUF[2]_inst/O
                         net (fo=0)                   0.000    10.391    seg[2]
    U8                                                                r  seg[2] (OUT)
  -------------------------------------------------------------------    -------------------

Slack:                    inf
  Source:                 sw[5]
                            (input port)
  Destination:            an[1]
                            (output port)
  Path Group:             (none)
  Path Type:              Max at Slow Process Corner
  Data Path Delay:        10.351ns  (logic 5.089ns (49.165%)  route 5.262ns (50.835%))
  Logic Levels:           3  (IBUF=1 LUT1=1 OBUF=1)

    Location             Delay type                Incr(ns)  Path(ns)    Netlist Resource(s)
  -------------------------------------------------------------------    -------------------
    V15                                               0.000     0.000 f  sw[5] (IN)
                         net (fo=0)                   0.000     0.000    sw[5]
    V15                  IBUF (Prop_ibuf_I_O)         1.466     1.466 f  sw_IBUF[5]_inst/O
                         net (fo=1, routed)           2.133     3.599    sw_IBUF[5]
    SLICE_X32Y16         LUT1 (Prop_lut1_I0_O)        0.124     3.723 r  an_OBUF[1]_inst_i_1/O
                         net (fo=1, routed)           3.129     6.852    an_OBUF[1]
    U4                   OBUF (Prop_obuf_I_O)         3.499    10.351 r  an_OBUF[1]_inst/O
                         net (fo=0)                   0.000    10.351    an[1]
    U4                                                                r  an[1] (OUT)
  -------------------------------------------------------------------    -------------------

Slack:                    inf
  Source:                 sw[2]
                            (input port)
  Destination:            seg[6]
                            (output port)
  Path Group:             (none)
  Path Type:              Max at Slow Process Corner
  Data Path Delay:        10.091ns  (logic 5.119ns (50.733%)  route 4.971ns (49.267%))
  Logic Levels:           3  (IBUF=1 LUT4=1 OBUF=1)

    Location             Delay type                Incr(ns)  Path(ns)    Netlist Resource(s)
  -------------------------------------------------------------------    -------------------
    W16                                               0.000     0.000 r  sw[2] (IN)
                         net (fo=0)                   0.000     0.000    sw[2]
    W16                  IBUF (Prop_ibuf_I_O)         1.464     1.464 r  sw_IBUF[2]_inst/O
                         net (fo=7, routed)           3.312     4.776    sw_IBUF[2]
    SLICE_X63Y12         LUT4 (Prop_lut4_I2_O)        0.124     4.900 r  seg_OBUF[6]_inst_i_1/O
                         net (fo=1, routed)           1.659     6.559    seg_OBUF[6]
    U7                   OBUF (Prop_obuf_I_O)         3.531    10.091 r  seg_OBUF[6]_inst/O
                         net (fo=0)                   0.000    10.091    seg[6]
    U7                                                                r  seg[6] (OUT)
  -------------------------------------------------------------------    -------------------





Min Delay Paths
--------------------------------------------------------------------------------------
Slack:                    inf
  Source:                 sw[1]
                            (input port)
  Destination:            seg[6]
                            (output port)
  Path Group:             (none)
  Path Type:              Min at Fast Process Corner
  Data Path Delay:        3.092ns  (logic 1.507ns (48.735%)  route 1.585ns (51.265%))
  Logic Levels:           3  (IBUF=1 LUT4=1 OBUF=1)

    Location             Delay type                Incr(ns)  Path(ns)    Netlist Resource(s)
  -------------------------------------------------------------------    -------------------
    V16                                               0.000     0.000 r  sw[1] (IN)
                         net (fo=0)                   0.000     0.000    sw[1]
    V16                  IBUF (Prop_ibuf_I_O)         0.229     0.229 r  sw_IBUF[1]_inst/O
                         net (fo=7, routed)           1.259     1.488    sw_IBUF[1]
    SLICE_X63Y12         LUT4 (Prop_lut4_I1_O)        0.045     1.533 r  seg_OBUF[6]_inst_i_1/O
                         net (fo=1, routed)           0.326     1.859    seg_OBUF[6]
    U7                   OBUF (Prop_obuf_I_O)         1.232     3.092 r  seg_OBUF[6]_inst/O
                         net (fo=0)                   0.000     3.092    seg[6]
    U7                                                                r  seg[6] (OUT)
  -------------------------------------------------------------------    -------------------

Slack:                    inf
  Source:                 sw[0]
                            (input port)
  Destination:            seg[5]
                            (output port)
  Path Group:             (none)
  Path Type:              Min at Fast Process Corner
  Data Path Delay:        3.267ns  (logic 1.543ns (47.214%)  route 1.725ns (52.786%))
  Logic Levels:           3  (IBUF=1 LUT4=1 OBUF=1)

    Location             Delay type                Incr(ns)  Path(ns)    Netlist Resource(s)
  -------------------------------------------------------------------    -------------------
    V17                                               0.000     0.000 r  sw[0] (IN)
                         net (fo=0)                   0.000     0.000    sw[0]
    V17                  IBUF (Prop_ibuf_I_O)         0.221     0.221 r  sw_IBUF[0]_inst/O
                         net (fo=7, routed)           1.393     1.614    sw_IBUF[0]
    SLICE_X65Y16         LUT4 (Prop_lut4_I2_O)        0.051     1.665 r  seg_OBUF[5]_inst_i_1/O
                         net (fo=1, routed)           0.331     1.997    seg_OBUF[5]
    V5                   OBUF (Prop_obuf_I_O)         1.271     3.267 r  seg_OBUF[5]_inst/O
                         net (fo=0)                   0.000     3.267    seg[5]
    V5                                                                r  seg[5] (OUT)
  -------------------------------------------------------------------    -------------------

Slack:                    inf
  Source:                 sw[0]
                            (input port)
  Destination:            seg[4]
                            (output port)
  Path Group:             (none)
  Path Type:              Min at Fast Process Corner
  Data Path Delay:        3.272ns  (logic 1.487ns (45.446%)  route 1.785ns (54.554%))
  Logic Levels:           3  (IBUF=1 LUT4=1 OBUF=1)

    Location             Delay type                Incr(ns)  Path(ns)    Netlist Resource(s)
  -------------------------------------------------------------------    -------------------
    V17                                               0.000     0.000 r  sw[0] (IN)
                         net (fo=0)                   0.000     0.000    sw[0]
    V17                  IBUF (Prop_ibuf_I_O)         0.221     0.221 r  sw_IBUF[0]_inst/O
                         net (fo=7, routed)           1.393     1.614    sw_IBUF[0]
    SLICE_X65Y16         LUT4 (Prop_lut4_I2_O)        0.045     1.659 r  seg_OBUF[4]_inst_i_1/O
                         net (fo=1, routed)           0.392     2.051    seg_OBUF[4]
    U5                   OBUF (Prop_obuf_I_O)         1.221     3.272 r  seg_OBUF[4]_inst/O
                         net (fo=0)                   0.000     3.272    seg[4]
    U5                                                                r  seg[4] (OUT)
  -------------------------------------------------------------------    -------------------

Slack:                    inf
  Source:                 sw[3]
                            (input port)
  Destination:            seg[2]
                            (output port)
  Path Group:             (none)
  Path Type:              Min at Fast Process Corner
  Data Path Delay:        3.331ns  (logic 1.498ns (44.955%)  route 1.834ns (55.045%))
  Logic Levels:           3  (IBUF=1 LUT4=1 OBUF=1)

    Location             Delay type                Incr(ns)  Path(ns)    Netlist Resource(s)
  -------------------------------------------------------------------    -------------------
    W17                                               0.000     0.000 r  sw[3] (IN)
                         net (fo=0)                   0.000     0.000    sw[3]
    W17                  IBUF (Prop_ibuf_I_O)         0.217     0.217 r  sw_IBUF[3]_inst/O
                         net (fo=7, routed)           1.471     1.687    sw_IBUF[3]
    SLICE_X65Y16         LUT4 (Prop_lut4_I0_O)        0.045     1.732 r  seg_OBUF[2]_inst_i_1/O
                         net (fo=1, routed)           0.363     2.095    seg_OBUF[2]
    U8                   OBUF (Prop_obuf_I_O)         1.236     3.331 r  seg_OBUF[2]_inst/O
                         net (fo=0)                   0.000     3.331    seg[2]
    U8                                                                r  seg[2] (OUT)
  -------------------------------------------------------------------    -------------------

Slack:                    inf
  Source:                 sw[7]
                            (input port)
  Destination:            an[3]
                            (output port)
  Path Group:             (none)
  Path Type:              Min at Fast Process Corner
  Data Path Delay:        3.376ns  (logic 1.483ns (43.934%)  route 1.893ns (56.066%))
  Logic Levels:           3  (IBUF=1 LUT1=1 OBUF=1)

    Location             Delay type                Incr(ns)  Path(ns)    Netlist Resource(s)
  -------------------------------------------------------------------    -------------------
    W13                                               0.000     0.000 f  sw[7] (IN)
                         net (fo=0)                   0.000     0.000    sw[7]
    W13                  IBUF (Prop_ibuf_I_O)         0.227     0.227 f  sw_IBUF[7]_inst/O
                         net (fo=1, routed)           0.905     1.131    sw_IBUF[7]
    SLICE_X32Y16         LUT1 (Prop_lut1_I0_O)        0.045     1.176 r  an_OBUF[3]_inst_i_1/O
                         net (fo=1, routed)           0.988     2.165    an_OBUF[3]
    W4                   OBUF (Prop_obuf_I_O)         1.211     3.376 r  an_OBUF[3]_inst/O
                         net (fo=0)                   0.000     3.376    an[3]
    W4                                                                r  an[3] (OUT)
  -------------------------------------------------------------------    -------------------

Slack:                    inf
  Source:                 sw[3]
                            (input port)
  Destination:            seg[1]
                            (output port)
  Path Group:             (none)
  Path Type:              Min at Fast Process Corner
  Data Path Delay:        3.383ns  (logic 1.492ns (44.097%)  route 1.891ns (55.903%))
  Logic Levels:           3  (IBUF=1 LUT4=1 OBUF=1)

    Location             Delay type                Incr(ns)  Path(ns)    Netlist Resource(s)
  -------------------------------------------------------------------    -------------------
    W17                                               0.000     0.000 r  sw[3] (IN)
                         net (fo=0)                   0.000     0.000    sw[3]
    W17                  IBUF (Prop_ibuf_I_O)         0.217     0.217 r  sw_IBUF[3]_inst/O
                         net (fo=7, routed)           1.469     1.685    sw_IBUF[3]
    SLICE_X65Y16         LUT4 (Prop_lut4_I0_O)        0.045     1.730 r  seg_OBUF[1]_inst_i_1/O
                         net (fo=1, routed)           0.422     2.153    seg_OBUF[1]
    W6                   OBUF (Prop_obuf_I_O)         1.230     3.383 r  seg_OBUF[1]_inst/O
                         net (fo=0)                   0.000     3.383    seg[1]
    W6                                                                r  seg[1] (OUT)
  -------------------------------------------------------------------    -------------------

Slack:                    inf
  Source:                 sw[3]
                            (input port)
  Destination:            seg[0]
                            (output port)
  Path Group:             (none)
  Path Type:              Min at Fast Process Corner
  Data Path Delay:        3.442ns  (logic 1.532ns (44.520%)  route 1.910ns (55.480%))
  Logic Levels:           3  (IBUF=1 LUT4=1 OBUF=1)

    Location             Delay type                Incr(ns)  Path(ns)    Netlist Resource(s)
  -------------------------------------------------------------------    -------------------
    W17                                               0.000     0.000 r  sw[3] (IN)
                         net (fo=0)                   0.000     0.000    sw[3]
    W17                  IBUF (Prop_ibuf_I_O)         0.217     0.217 r  sw_IBUF[3]_inst/O
                         net (fo=7, routed)           1.469     1.685    sw_IBUF[3]
    SLICE_X65Y16         LUT4 (Prop_lut4_I3_O)        0.042     1.727 r  seg_OBUF[0]_inst_i_1/O
                         net (fo=1, routed)           0.441     2.168    seg_OBUF[0]
    W7                   OBUF (Prop_obuf_I_O)         1.274     3.442 r  seg_OBUF[0]_inst/O
                         net (fo=0)                   0.000     3.442    seg[0]
    W7                                                                r  seg[0] (OUT)
  -------------------------------------------------------------------    -------------------

Slack:                    inf
  Source:                 sw[3]
                            (input port)
  Destination:            seg[3]
                            (output port)
  Path Group:             (none)
  Path Type:              Min at Fast Process Corner
  Data Path Delay:        3.446ns  (logic 1.563ns (45.354%)  route 1.883ns (54.646%))
  Logic Levels:           3  (IBUF=1 LUT4=1 OBUF=1)

    Location             Delay type                Incr(ns)  Path(ns)    Netlist Resource(s)
  -------------------------------------------------------------------    -------------------
    W17                                               0.000     0.000 r  sw[3] (IN)
                         net (fo=0)                   0.000     0.000    sw[3]
    W17                  IBUF (Prop_ibuf_I_O)         0.217     0.217 r  sw_IBUF[3]_inst/O
                         net (fo=7, routed)           1.471     1.687    sw_IBUF[3]
    SLICE_X65Y16         LUT4 (Prop_lut4_I2_O)        0.043     1.730 r  seg_OBUF[3]_inst_i_1/O
                         net (fo=1, routed)           0.412     2.143    seg_OBUF[3]
    V8                   OBUF (Prop_obuf_I_O)         1.303     3.446 r  seg_OBUF[3]_inst/O
                         net (fo=0)                   0.000     3.446    seg[3]
    V8                                                                r  seg[3] (OUT)
  -------------------------------------------------------------------    -------------------

Slack:                    inf
  Source:                 sw[5]
                            (input port)
  Destination:            an[1]
                            (output port)
  Path Group:             (none)
  Path Type:              Min at Fast Process Corner
  Data Path Delay:        3.477ns  (logic 1.479ns (42.542%)  route 1.998ns (57.458%))
  Logic Levels:           3  (IBUF=1 LUT1=1 OBUF=1)

    Location             Delay type                Incr(ns)  Path(ns)    Netlist Resource(s)
  -------------------------------------------------------------------    -------------------
    V15                                               0.000     0.000 f  sw[5] (IN)
                         net (fo=0)                   0.000     0.000    sw[5]
    V15                  IBUF (Prop_ibuf_I_O)         0.234     0.234 f  sw_IBUF[5]_inst/O
                         net (fo=1, routed)           0.957     1.191    sw_IBUF[5]
    SLICE_X32Y16         LUT1 (Prop_lut1_I0_O)        0.045     1.236 r  an_OBUF[1]_inst_i_1/O
                         net (fo=1, routed)           1.041     2.277    an_OBUF[1]
    U4                   OBUF (Prop_obuf_I_O)         1.200     3.477 r  an_OBUF[1]_inst/O
                         net (fo=0)                   0.000     3.477    an[1]
    U4                                                                r  an[1] (OUT)
  -------------------------------------------------------------------    -------------------

Slack:                    inf
  Source:                 sw[6]
                            (input port)
  Destination:            an[2]
                            (output port)
  Path Group:             (none)
  Path Type:              Min at Fast Process Corner
  Data Path Delay:        3.484ns  (logic 1.487ns (42.678%)  route 1.997ns (57.322%))
  Logic Levels:           3  (IBUF=1 LUT1=1 OBUF=1)

    Location             Delay type                Incr(ns)  Path(ns)    Netlist Resource(s)
  -------------------------------------------------------------------    -------------------
    W14                                               0.000     0.000 f  sw[6] (IN)
                         net (fo=0)                   0.000     0.000    sw[6]
    W14                  IBUF (Prop_ibuf_I_O)         0.218     0.218 f  sw_IBUF[6]_inst/O
                         net (fo=1, routed)           0.997     1.215    sw_IBUF[6]
    SLICE_X32Y16         LUT1 (Prop_lut1_I0_O)        0.045     1.260 r  an_OBUF[2]_inst_i_1/O
                         net (fo=1, routed)           1.000     2.260    an_OBUF[2]
    V4                   OBUF (Prop_obuf_I_O)         1.224     3.484 r  an_OBUF[2]_inst/O
                         net (fo=0)                   0.000     3.484    an[2]
    V4                                                                r  an[2] (OUT)
  -------------------------------------------------------------------    -------------------





