Copyright 1986-2022 Xilinx, Inc. All Rights Reserved. Copyright 2022-2024 Advanced Micro Devices, Inc. All Rights Reserved.
------------------------------------------------------------------------------------------------------------------------------------------------------------------------------------------------------------------
| Tool Version : Vivado v.2024.2.1 (lin64) Build 5266912 Sun Dec 15 09:03:31 MST 2024
| Date         : Wed Oct  7 15:29:44 2026
| Host         : el120-02.ece.usu.edu running 64-bit AlmaLinux 9.7 (Moss Jungle Cat)
| Command      : report_timing_summary -max_paths 10 -report_unconstrained -file Top7seg_timing_summary_routed.rpt -pb Top7seg_timing_summary_routed.pb -rpx Top7seg_timing_summary_routed.rpx -warn_on_violation
| Design       : Top7seg
| Device       : 7a35t-cpg236
| Speed File   : -1  PRODUCTION 1.23 2018-06-13
| Design State : Routed
------------------------------------------------------------------------------------------------------------------------------------------------------------------------------------------------------------------

Timing Summary Report

------------------------------------------------------------------------------------------------
| Timer Settings
| --------------
------------------------------------------------------------------------------------------------

  Enable Multi Corner Analysis               :  Yes
  Enable Pessimism Removal                   :  Yes
  Pessimism Removal Resolution               :  Nearest Common Node
  Enable Input Delay Default Clock           :  No
  Enable Preset / Clear Arcs                 :  No
  Disable Flight Delays                      :  No
  Ignore I/O Paths                           :  No
  Timing Early Launch at Borrowing Latches   :  No
  Borrow Time for Max Delay Exceptions       :  Yes
  Merge Timing Exceptions                    :  Yes
  Inter-SLR Compensation                     :  Conservative

  Corner  Analyze    Analyze    
  Name    Max Paths  Min Paths  
  ------  ---------  ---------  
  Slow    Yes        Yes        
  Fast    Yes        Yes        


------------------------------------------------------------------------------------------------
| Report Methodology
| ------------------
------------------------------------------------------------------------------------------------

No report available as report_methodology has not been run prior. Run report_methodology on the current design for the summary of methodology violations.



check_timing report

Table of Contents
-----------------
1. checking no_clock (0)
2. checking constant_clock (0)
3. checking pulse_width_clock (0)
4. checking unconstrained_internal_endpoints (0)
5. checking no_input_delay (0)
6. checking no_output_delay (0)
7. checking multiple_clock (0)
8. checking generated_clocks (0)
9. checking loops (0)
10. checking partial_input_delay (0)
11. checking partial_output_delay (0)
12. checking latch_loops (0)

1. checking no_clock (0)
------------------------
 There are 0 register/latch pins with no clock.


2. checking constant_clock (0)
------------------------------
 There are 0 register/latch pins with constant_clock.


3. checking pulse_width_clock (0)
---------------------------------
 There are 0 register/latch pins which need pulse_width check


4. checking unconstrained_internal_endpoints (0)
------------------------------------------------
 There are 0 pins that are not constrained for maximum delay.

 There are 0 pins that are not constrained for maximum delay due to constant clock.


5. checking no_input_delay (0)
------------------------------
 There are 0 input ports with no input delay specified.

 There are 0 input ports with no input delay but user has a false path constraint.


6. checking no_output_delay (0)
-------------------------------
 There are 0 ports with no output delay specified.

 There are 0 ports with no output delay but user has a false path constraint

 There are 0 ports with no output delay but with a timing clock defined on it or propagating through it


7. checking multiple_clock (0)
------------------------------
 There are 0 register/latch pins with multiple clocks.


8. checking generated_clocks (0)
--------------------------------
 There are 0 generated clocks that are not connected to a clock source.


9. checking loops (0)
---------------------
 There are 0 combinational loops in the design.


10. checking partial_input_delay (0)
------------------------------------
 There are 0 input ports with partial input delay specified.


11. checking partial_output_delay (0)
-------------------------------------
 There are 0 ports with partial output delay specified.


12. checking latch_loops (0)
----------------------------
 There are 0 combinational latch loops in the design through latch input



------------------------------------------------------------------------------------------------
| Design Timing Summary
| ---------------------
------------------------------------------------------------------------------------------------

    WNS(ns)      TNS(ns)  TNS Failing Endpoints  TNS Total Endpoints      WHS(ns)      THS(ns)  THS Failing Endpoints  THS Total Endpoints     WPWS(ns)     TPWS(ns)  TPWS Failing Endpoints  TPWS Total Endpoints  
    -------      -------  ---------------------  -------------------      -------      -------  ---------------------  -------------------     --------     --------  ----------------------  --------------------  
        inf        0.000                      0                    5          inf        0.000                      0                    5           NA           NA                      NA                    NA  


There are no user specified timing constraints.


------------------------------------------------------------------------------------------------
| Clock Summary
| -------------
------------------------------------------------------------------------------------------------


------------------------------------------------------------------------------------------------
| Intra Clock Table
| -----------------
------------------------------------------------------------------------------------------------

Clock             WNS(ns)      TNS(ns)  TNS Failing Endpoints  TNS Total Endpoints      WHS(ns)      THS(ns)  THS Failing Endpoints  THS Total Endpoints     WPWS(ns)     TPWS(ns)  TPWS Failing Endpoints  TPWS Total Endpoints  
-----             -------      -------  ---------------------  -------------------      -------      -------  ---------------------  -------------------     --------     --------  ----------------------  --------------------  


------------------------------------------------------------------------------------------------
| Inter Clock Table
| -----------------
------------------------------------------------------------------------------------------------

From Clock    To Clock          WNS(ns)      TNS(ns)  TNS Failing Endpoints  TNS Total Endpoints      WHS(ns)      THS(ns)  THS Failing Endpoints  THS Total Endpoints  
----------    --------          -------      -------  ---------------------  -------------------      -------      -------  ---------------------  -------------------  


------------------------------------------------------------------------------------------------
| Other Path Groups Table
| -----------------------
------------------------------------------------------------------------------------------------

Path Group    From Clock    To Clock          WNS(ns)      TNS(ns)  TNS Failing Endpoints  TNS Total Endpoints      WHS(ns)      THS(ns)  THS Failing Endpoints  THS Total Endpoints  
----------    ----------    --------          -------      -------  ---------------------  -------------------      -------      -------  ---------------------  -------------------  


------------------------------------------------------------------------------------------------
| User Ignored Path Table
| -----------------------
------------------------------------------------------------------------------------------------

Path Group    From Clock    To Clock    
----------    ----------    --------    


------------------------------------------------------------------------------------------------
| Unconstrained Path Table
| ------------------------
------------------------------------------------------------------------------------------------

Path Group    From Clock    To Clock    
----------    ----------    --------    
(none)                                    


------------------------------------------------------------------------------------------------
| Timing Details
| --------------
------------------------------------------------------------------------------------------------


--------------------------------------------------------------------------------------
Path Group:  (none)
From Clock:  
  To Clock:  

Max Delay             5 Endpoints
Min Delay             5 Endpoints
--------------------------------------------------------------------------------------


Max Delay Paths
--------------------------------------------------------------------------------------
Slack:                    inf
  Source:                 sw[4]
                            (input port)
  Destination:            an[0]
                            (output port)
  Path Group:             (none)
  Path Type:              Max at Slow Process Corner
  Data Path Delay:        10.514ns  (logic 5.078ns (48.294%)  route 5.436ns (51.706%))
  Logic Levels:           3  (IBUF=1 LUT1=1 OBUF=1)

    Location             Delay type                Incr(ns)  Path(ns)    Netlist Resource(s)
  -------------------------------------------------------------------    -------------------
    W15                                               0.000     0.000 f  sw[4] (IN)
                         net (fo=0)                   0.000     0.000    sw[4]
    W15                  IBUF (Prop_ibuf_I_O)         1.451     1.451 f  sw_IBUF[4]_inst/O
                         net (fo=1, routed)           2.307     3.758    sw_IBUF[4]
    SLICE_X32Y19         LUT1 (Prop_lut1_I0_O)        0.124     3.882 r  an_OBUF[0]_inst_i_1/O
                         net (fo=1, routed)           3.129     7.011    an_OBUF[0]
    U2                   OBUF (Prop_obuf_I_O)         3.503    10.514 r  an_OBUF[0]_inst/O
                         net (fo=0)                   0.000    10.514    an[0]
    U2                                                                r  an[0] (OUT)
  -------------------------------------------------------------------    -------------------

Slack:                    inf
  Source:                 sw[6]
                            (input port)
  Destination:            an[2]
                            (output port)
  Path Group:             (none)
  Path Type:              Max at Slow Process Corner
  Data Path Delay:        10.405ns  (logic 5.097ns (48.982%)  route 5.309ns (51.018%))
  Logic Levels:           3  (IBUF=1 LUT1=1 OBUF=1)

    Location             Delay type                Incr(ns)  Path(ns)    Netlist Resource(s)
  -------------------------------------------------------------------    -------------------
    W14                                               0.000     0.000 f  sw[6] (IN)
                         net (fo=0)                   0.000     0.000    sw[6]
    W14                  IBUF (Prop_ibuf_I_O)         1.450     1.450 f  sw_IBUF[6]_inst/O
                         net (fo=1, routed)           2.300     3.750    sw_IBUF[6]
    SLICE_X32Y16         LUT1 (Prop_lut1_I0_O)        0.124     3.874 r  an_OBUF[2]_inst_i_1/O
                         net (fo=1, routed)           3.009     6.882    an_OBUF[2]
    V4                   OBUF (Prop_obuf_I_O)         3.523    10.405 r  an_OBUF[2]_inst/O
                         net (fo=0)                   0.000    10.405    an[2]
    V4                                                                r  an[2] (OUT)
  -------------------------------------------------------------------    -------------------

Slack:                    inf
  Source:                 sw[5]
                            (input port)
  Destination:            an[1]
                            (output port)
  Path Group:             (none)
  Path Type:              Max at Slow Process Corner
  Data Path Delay:        10.351ns  (logic 5.089ns (49.165%)  route 5.262ns (50.835%))
  Logic Levels:           3  (IBUF=1 LUT1=1 OBUF=1)

    Location             Delay type                Incr(ns)  Path(ns)    Netlist Resource(s)
  -------------------------------------------------------------------    -------------------
    V15                                               0.000     0.000 f  sw[5] (IN)
                         net (fo=0)                   0.000     0.000    sw[5]
    V15                  IBUF (Prop_ibuf_I_O)         1.466     1.466 f  sw_IBUF[5]_inst/O
                         net (fo=1, routed)           2.133     3.599    sw_IBUF[5]
    SLICE_X32Y16         LUT1 (Prop_lut1_I0_O)        0.124     3.723 r  an_OBUF[1]_inst_i_1/O
                         net (fo=1, routed)           3.129     6.852    an_OBUF[1]
    U4                   OBUF (Prop_obuf_I_O)         3.499    10.351 r  an_OBUF[1]_inst/O
                         net (fo=0)                   0.000    10.351    an[1]
    U4                                                                r  an[1] (OUT)
  -------------------------------------------------------------------    -------------------

Slack:                    inf
  Source:                 sw[7]
                            (input port)
  Destination:            an[3]
                            (output port)
  Path Group:             (none)
  Path Type:              Max at Slow Process Corner
  Data Path Delay:        10.016ns  (logic 5.093ns (50.850%)  route 4.923ns (49.150%))
  Logic Levels:           3  (IBUF=1 LUT1=1 OBUF=1)

    Location             Delay type                Incr(ns)  Path(ns)    Netlist Resource(s)
  -------------------------------------------------------------------    -------------------
    W13                                               0.000     0.000 f  sw[7] (IN)
                         net (fo=0)                   0.000     0.000    sw[7]
    W13                  IBUF (Prop_ibuf_I_O)         1.459     1.459 f  sw_IBUF[7]_inst/O
                         net (fo=1, routed)           1.950     3.409    sw_IBUF[7]
    SLICE_X32Y16         LUT1 (Prop_lut1_I0_O)        0.124     3.533 r  an_OBUF[3]_inst_i_1/O
                         net (fo=1, routed)           2.972     6.506    an_OBUF[3]
    W4                   OBUF (Prop_obuf_I_O)         3.510    10.016 r  an_OBUF[3]_inst/O
                         net (fo=0)                   0.000    10.016    an[3]
    W4                                                                r  an[3] (OUT)
  -------------------------------------------------------------------    -------------------

Slack:                    inf
  Source:                 sw[0]
                            (input port)
  Destination:            seg[5]
                            (output port)
  Path Group:             (none)
  Path Type:              Max at Slow Process Corner
  Data Path Delay:        9.925ns  (logic 5.081ns (51.197%)  route 4.844ns (48.803%))
  Logic Levels:           3  (IBUF=1 LUT2=1 OBUF=1)

    Location             Delay type                Incr(ns)  Path(ns)    Netlist Resource(s)
  -------------------------------------------------------------------    -------------------
    V17                                               0.000     0.000 r  sw[0] (IN)
                         net (fo=0)                   0.000     0.000    sw[0]
    V17                  IBUF (Prop_ibuf_I_O)         1.453     1.453 r  sw_IBUF[0]_inst/O
                         net (fo=1, routed)           1.212     2.665    sw_IBUF[0]
    SLICE_X0Y12          LUT2 (Prop_lut2_I1_O)        0.124     2.789 r  seg_OBUF[5]_inst_i_1/O
                         net (fo=1, routed)           3.632     6.420    seg_OBUF[5]
    V5                   OBUF (Prop_obuf_I_O)         3.504     9.925 r  seg_OBUF[5]_inst/O
                         net (fo=0)                   0.000     9.925    seg[5]
    V5                                                                r  seg[5] (OUT)
  -------------------------------------------------------------------    -------------------





Min Delay Paths
--------------------------------------------------------------------------------------
Slack:                    inf
  Source:                 sw[1]
                            (input port)
  Destination:            seg[5]
                            (output port)
  Path Group:             (none)
  Path Type:              Min at Fast Process Corner
  Data Path Delay:        3.138ns  (logic 1.480ns (47.159%)  route 1.658ns (52.841%))
  Logic Levels:           3  (IBUF=1 LUT2=1 OBUF=1)

    Location             Delay type                Incr(ns)  Path(ns)    Netlist Resource(s)
  -------------------------------------------------------------------    -------------------
    V16                                               0.000     0.000 r  sw[1] (IN)
                         net (fo=0)                   0.000     0.000    sw[1]
    V16                  IBUF (Prop_ibuf_I_O)         0.229     0.229 r  sw_IBUF[1]_inst/O
                         net (fo=1, routed)           0.335     0.564    sw_IBUF[1]
    SLICE_X0Y12          LUT2 (Prop_lut2_I0_O)        0.045     0.609 r  seg_OBUF[5]_inst_i_1/O
                         net (fo=1, routed)           1.324     1.933    seg_OBUF[5]
    V5                   OBUF (Prop_obuf_I_O)         1.206     3.138 r  seg_OBUF[5]_inst/O
                         net (fo=0)                   0.000     3.138    seg[5]
    V5                                                                r  seg[5] (OUT)
  -------------------------------------------------------------------    -------------------

Slack:                    inf
  Source:                 sw[7]
                            (input port)
  Destination:            an[3]
                            (output port)
  Path Group:             (none)
  Path Type:              Min at Fast Process Corner
  Data Path Delay:        3.376ns  (logic 1.483ns (43.935%)  route 1.893ns (56.065%))
  Logic Levels:           3  (IBUF=1 LUT1=1 OBUF=1)

    Location             Delay type                Incr(ns)  Path(ns)    Netlist Resource(s)
  -------------------------------------------------------------------    -------------------
    W13                                               0.000     0.000 f  sw[7] (IN)
                         net (fo=0)                   0.000     0.000    sw[7]
    W13                  IBUF (Prop_ibuf_I_O)         0.227     0.227 f  sw_IBUF[7]_inst/O
                         net (fo=1, routed)           0.904     1.131    sw_IBUF[7]
    SLICE_X32Y16         LUT1 (Prop_lut1_I0_O)        0.045     1.176 r  an_OBUF[3]_inst_i_1/O
                         net (fo=1, routed)           0.988     2.165    an_OBUF[3]
    W4                   OBUF (Prop_obuf_I_O)         1.211     3.376 r  an_OBUF[3]_inst/O
                         net (fo=0)                   0.000     3.376    an[3]
    W4                                                                r  an[3] (OUT)
  -------------------------------------------------------------------    -------------------

Slack:                    inf
  Source:                 sw[5]
                            (input port)
  Destination:            an[1]
                            (output port)
  Path Group:             (none)
  Path Type:              Min at Fast Process Corner
  Data Path Delay:        3.477ns  (logic 1.479ns (42.542%)  route 1.998ns (57.458%))
  Logic Levels:           3  (IBUF=1 LUT1=1 OBUF=1)

    Location             Delay type                Incr(ns)  Path(ns)    Netlist Resource(s)
  -------------------------------------------------------------------    -------------------
    V15                                               0.000     0.000 f  sw[5] (IN)
                         net (fo=0)                   0.000     0.000    sw[5]
    V15                  IBUF (Prop_ibuf_I_O)         0.234     0.234 f  sw_IBUF[5]_inst/O
                         net (fo=1, routed)           0.957     1.191    sw_IBUF[5]
    SLICE_X32Y16         LUT1 (Prop_lut1_I0_O)        0.045     1.236 r  an_OBUF[1]_inst_i_1/O
                         net (fo=1, routed)           1.041     2.277    an_OBUF[1]
    U4                   OBUF (Prop_obuf_I_O)         1.200     3.477 r  an_OBUF[1]_inst/O
                         net (fo=0)                   0.000     3.477    an[1]
    U4                                                                r  an[1] (OUT)
  -------------------------------------------------------------------    -------------------

Slack:                    inf
  Source:                 sw[6]
                            (input port)
  Destination:            an[2]
                            (output port)
  Path Group:             (none)
  Path Type:              Min at Fast Process Corner
  Data Path Delay:        3.487ns  (logic 1.487ns (42.635%)  route 2.001ns (57.365%))
  Logic Levels:           3  (IBUF=1 LUT1=1 OBUF=1)

    Location             Delay type                Incr(ns)  Path(ns)    Netlist Resource(s)
  -------------------------------------------------------------------    -------------------
    W14                                               0.000     0.000 f  sw[6] (IN)
                         net (fo=0)                   0.000     0.000    sw[6]
    W14                  IBUF (Prop_ibuf_I_O)         0.218     0.218 f  sw_IBUF[6]_inst/O
                         net (fo=1, routed)           1.001     1.219    sw_IBUF[6]
    SLICE_X32Y16         LUT1 (Prop_lut1_I0_O)        0.045     1.264 r  an_OBUF[2]_inst_i_1/O
                         net (fo=1, routed)           1.000     2.263    an_OBUF[2]
    V4                   OBUF (Prop_obuf_I_O)         1.224     3.487 r  an_OBUF[2]_inst/O
                         net (fo=0)                   0.000     3.487    an[2]
    V4                                                                r  an[2] (OUT)
  -------------------------------------------------------------------    -------------------

Slack:                    inf
  Source:                 sw[4]
                            (input port)
  Destination:            an[0]
                            (output port)
  Path Group:             (none)
  Path Type:              Min at Fast Process Corner
  Data Path Delay:        3.545ns  (logic 1.468ns (41.405%)  route 2.077ns (58.595%))
  Logic Levels:           3  (IBUF=1 LUT1=1 OBUF=1)

    Location             Delay type                Incr(ns)  Path(ns)    Netlist Resource(s)
  -------------------------------------------------------------------    -------------------
    W15                                               0.000     0.000 f  sw[4] (IN)
                         net (fo=0)                   0.000     0.000    sw[4]
    W15                  IBUF (Prop_ibuf_I_O)         0.219     0.219 f  sw_IBUF[4]_inst/O
                         net (fo=1, routed)           1.036     1.255    sw_IBUF[4]
    SLICE_X32Y19         LUT1 (Prop_lut1_I0_O)        0.045     1.300 r  an_OBUF[0]_inst_i_1/O
                         net (fo=1, routed)           1.041     2.341    an_OBUF[0]
    U2                   OBUF (Prop_obuf_I_O)         1.204     3.545 r  an_OBUF[0]_inst/O
                         net (fo=0)                   0.000     3.545    an[0]
    U2                                                                r  an[0] (OUT)
  -------------------------------------------------------------------    -------------------





